<pre class="shiki nord" style="background-color:#2e3440ff;color:#d8dee9ff" tabindex="0"><code><span class="line"></span>
<span class="line"><span style="color:#81A1C1">  &#x3C;h1</span><span style="color:#8FBCBB"> class</span><span style="color:#ECEFF4">=</span><span style="color:#ECEFF4">"</span><span style="color:#A3BE8C">text-xl</span><span style="color:#ECEFF4">"</span><span style="color:#81A1C1">></span><span style="color:#D8DEE9FF">Hello</span><span style="color:#81A1C1">&#x3C;/h1></span></span>
<span class="line"></span></code></pre>
