<pre class="shiki nord" style="background-color:#2e3440ff;color:#d8dee9ff" tabindex="0"><code><span class="line"><span style="color:#ECEFF4">-</span><span style="color:#BF616A">  &#x3C;h1 class="text-xl">Hello&#x3C;/h1></span></span>
<span class="line"><span style="color:#ECEFF4">+</span><span style="color:#A3BE8C">  &#x3C;h1 class="text-xl">Hello!&#x3C;/h1></span></span></code></pre>
