<pre class="shiki my-theme" style="background-color:#1e1e1e;color:#bbbbbb" tabindex="0"><code><span class="line"><span style="color:#BBBBBB">&#x3C;h1 class=</span><span style="color:#888">"text-xl"</span><span style="color:#BBBBBB">>Hello&#x3C;/h1></span></span></code></pre>
