<pre class="shiki shiki-themes github-dark github-light" style="background-color:#24292e;--shiki-light-bg:#fff;color:#e1e4e8;--shiki-light:#24292e" tabindex="0"><code><span class="line"></span>
<span class="line"><span style="color:#F97583;--shiki-light:#D73A49">  import</span><span style="color:#E1E4E8;--shiki-light:#24292E"> { codeToHtml } </span><span style="color:#F97583;--shiki-light:#D73A49">from</span><span style="color:#9ECBFF;--shiki-light:#032F62"> 'shiki'</span></span>
<span class="line"></span></code></pre>
