<pre class="shiki shiki-themes github-light github-dark" style="background-color:#fff;--shiki-dark-bg:#24292e;color:#24292e;--shiki-dark:#e1e4e8" tabindex="0"><code><span class="line"></span>
<span class="line"><span style="color:#D73A49;--shiki-dark:#F97583">  import</span><span style="color:#24292E;--shiki-dark:#E1E4E8"> { codeToHtml } </span><span style="color:#D73A49;--shiki-dark:#F97583">from</span><span style="color:#032F62;--shiki-dark:#9ECBFF"> 'shiki'</span></span>
<span class="line"></span></code></pre>

<pre class="shiki shiki-themes github-dark github-light" style="background-color:#24292e;--shiki-light-bg:#fff;color:#e1e4e8;--shiki-light:#24292e" tabindex="0"><code><span class="line"></span>
<span class="line"><span style="color:#F97583;--shiki-light:#D73A49">  import</span><span style="color:#E1E4E8;--shiki-light:#24292E"> { codeToHtml } </span><span style="color:#F97583;--shiki-light:#D73A49">from</span><span style="color:#9ECBFF;--shiki-light:#032F62"> 'shiki'</span></span>
<span class="line"></span></code></pre>
