<pre class="shiki github-light" style="background-color:#fff;color:#24292e" tabindex="0"><code><span class="line"></span>
<span class="line"><span style="color:#24292E">  &#x3C;</span><span style="color:#22863A">h1</span><span style="color:#6F42C1"> class</span><span style="color:#24292E">=</span><span style="color:#032F62">"text-xl"</span><span style="color:#24292E">>Hello&#x3C;/</span><span style="color:#22863A">h1</span><span style="color:#24292E">></span></span>
<span class="line"></span></code></pre>
