<div><pre class="shiki nord" style="background-color:#2e3440ff;color:#d8dee9ff" tabindex="0"><code><span class="line"><span style="color:#81A1C1">import</span><span style="color:#ECEFF4"> {</span><span style="color:#8FBCBB"> codeToHtml</span><span style="color:#ECEFF4"> }</span><span style="color:#81A1C1"> from</span><span style="color:#ECEFF4"> '</span><span style="color:#A3BE8C">shiki</span><span style="color:#ECEFF4">'</span></span></code></pre></div>
